---
source: lumina-tokentree/src/tests.rs
expression: entity
snapshot_kind: text
---
[ 1
, Header(=)
    Operators(2)
      2
    Op(0, ,)
      Operators(1)
        3
      Op(0, .)
        Operators(1)
          Operators(2)
            4
          Op(0, +)
            4
          Op(1, +)
            5
        Op(0, *)
          5
    Op(1, ,)
      Operators(1)
        6
      Op(0, +)
        6
]
